[{"stream_name":"stderr","time":8.624950391,"data":"0.00s - Debugger warning: It seems that frozen modules are being used, which may\n"}
,{"stream_name":"stderr","time":8.625038646,"data":"0.00s - make the debugger miss breakpoints. Please pass -Xfrozen_modules=off\n"}
,{"stream_name":"stderr","time":8.625046694,"data":"0.00s - to python to disable frozen modules.\n"}
,{"stream_name":"stderr","time":8.625051919,"data":"0.00s - Note: Debugging will proceed. Set PYDEVD_DISABLE_FILE_VALIDATION=1 to disable this validation.\n"}
,{"stream_name":"stderr","time":9.39683996,"data":"0.00s - Debugger warning: It seems that frozen modules are being used, which may\n"}
,{"stream_name":"stderr","time":9.39688626,"data":"0.00s - make the debugger miss breakpoints. Please pass -Xfrozen_modules=off\n"}
,{"stream_name":"stderr","time":9.396892948,"data":"0.00s - to python to disable frozen modules.\n"}
,{"stream_name":"stderr","time":9.396898146,"data":"0.00s - Note: Debugging will proceed. Set PYDEVD_DISABLE_FILE_VALIDATION=1 to disable this validation.\n"}
,{"stream_name":"stdout","time":13.662365127,"data":"   ━━━━━━━━━━━━━━━━━━━━━━━━━━━━━━━━━━━━━━━━ 287.7/287.7 kB 5.7 MB/s eta 0:00:00\n"}
,{"stream_name":"stdout","time":13.865286259,"data":"   ━━━━━━━━━━━━━━━━━━━━━━━━━━━━━━━━━━━━━━━━ 287.7/287.7 kB 5.7 MB/s eta 0:00:00\n"}
,{"stream_name":"stdout","time":16.398770939,"data":"Dependencies: OK\n"}
,{"stream_name":"stdout","time":17.882906954,"data":"Dataset: OK\n"}
,{"stream_name":"stdout","time":17.882954199,"data":"Input : /kaggle/working/air-quality/applications/airquality/airdata/airdataAR1.RData \n"}
,{"stream_name":"stdout","time":17.882962443,"data":"Output: /kaggle/working/air-quality-results\n"}
,{"stream_name":"stdout","time":17.900900652,"data":"{'full': True, 'grid_points': 10}\n"}
,{"stream_name":"stdout","time":18.088393414,"data":"Running: /usr/bin/python3 -u /kaggle/working/air-quality/python-port/experiments/air_quality.py --data /kaggle/working/air-quality/applications/airquality/airdata/airdataAR1.RData --grid-points 10 --alpha 0.05 --itmax 1000 --output /kaggle/working/air-quality-results/air-quality.json --resume --verbose\n"}
,{"stream_name":"stdout","time":22.931545314,"data":"[04:54:24] [AirQuality] CHECKPOINT 0/3 (0.0%) | /kaggle/working/air-quality-results/air-quality.json\n"}
,{"stream_name":"stdout","time":23.134281704,"data":"[04:54:24] [AirQuality] CHECKPOINT 0/3 (0.0%) | /kaggle/working/air-quality-results/air-quality.json\n"}
,{"stream_name":"stdout","time":23.512373121,"data":"[04:54:24] [AirQuality] START pdglasso_covariance (1/3) | lambda-grid=10\n"}
,{"stream_name":"stdout","time":23.512827744,"data":"[pdglasso] lambda1 1/10\n"}
,{"stream_name":"stdout","time":23.577938601,"data":"[pdglasso] lambda1 2/10\n"}
,{"stream_name":"stdout","time":23.632030511,"data":"[pdglasso] lambda1 3/10\n"}
,{"stream_name":"stdout","time":23.697810948,"data":"[pdglasso] lambda1 4/10\n"}
,{"stream_name":"stdout","time":23.715096139,"data":"[04:54:24] [AirQuality] START pdglasso_covariance (1/3) | lambda-grid=10\n"}
,{"stream_name":"stdout","time":23.715145567,"data":"[pdglasso] lambda1 1/10\n"}
,{"stream_name":"stdout","time":23.715153807,"data":"[pdglasso] lambda1 2/10\n"}
,{"stream_name":"stdout","time":23.715160021,"data":"[pdglasso] lambda1 3/10\n"}
,{"stream_name":"stdout","time":23.715165967,"data":"[pdglasso] lambda1 4/10\n"}
,{"stream_name":"stdout","time":23.764714656,"data":"[pdglasso] lambda1 5/10\n"}
,{"stream_name":"stdout","time":23.835403145,"data":"[pdglasso] lambda1 6/10\n"}
,{"stream_name":"stdout","time":23.895372749,"data":"[pdglasso] lambda1 7/10\n"}
,{"stream_name":"stdout","time":23.962983762,"data":"[pdglasso] lambda1 8/10\n"}
,{"stream_name":"stdout","time":23.968046889,"data":"[pdglasso] lambda1 5/10\n"}
,{"stream_name":"stdout","time":23.968075501,"data":"[pdglasso] lambda1 6/10\n"}
,{"stream_name":"stdout","time":23.968079569,"data":"[pdglasso] lambda1 7/10\n"}
,{"stream_name":"stdout","time":23.968082873,"data":"[pdglasso] lambda1 8/10\n"}
,{"stream_name":"stdout","time":24.053624565,"data":"[pdglasso] lambda1 9/10\n"}
,{"stream_name":"stdout","time":24.115489482,"data":"[pdglasso] lambda1 10/10\n"}
,{"stream_name":"stdout","time":24.220133028,"data":"[pdglasso] lambda2 1/10\n"}
,{"stream_name":"stdout","time":24.256276483,"data":"[pdglasso] lambda1 9/10\n"}
,{"stream_name":"stdout","time":24.256314158,"data":"[pdglasso] lambda1 10/10\n"}
,{"stream_name":"stdout","time":24.256339138,"data":"[pdglasso] lambda2 1/10\n"}
,{"stream_name":"stdout","time":24.402514461,"data":"[pdglasso] lambda2 2/10\n"}
,{"stream_name":"stdout","time":24.576508213,"data":"[pdglasso] lambda2 3/10\n"}
,{"stream_name":"stdout","time":24.605207706,"data":"[pdglasso] lambda2 2/10\n"}
,{"stream_name":"stdout","time":24.605288399,"data":"[pdglasso] lambda2 3/10\n"}
,{"stream_name":"stdout","time":24.747084739,"data":"[pdglasso] lambda2 4/10\n"}
,{"stream_name":"stdout","time":24.893067834,"data":"[pdglasso] lambda2 5/10\n"}
,{"stream_name":"stdout","time":24.950204249,"data":"[pdglasso] lambda2 4/10\n"}
,{"stream_name":"stdout","time":24.950252069,"data":"[pdglasso] lambda2 5/10\n"}
,{"stream_name":"stdout","time":25.037643255,"data":"[pdglasso] lambda2 6/10\n"}
,{"stream_name":"stdout","time":25.153406709,"data":"[pdglasso] lambda2 7/10\n"}
,{"stream_name":"stdout","time":25.2406748,"data":"[pdglasso] lambda2 6/10\n"}
,{"stream_name":"stdout","time":25.240712074,"data":"[pdglasso] lambda2 7/10\n"}
,{"stream_name":"stdout","time":25.297459909,"data":"[pdglasso] lambda2 8/10\n"}
,{"stream_name":"stdout","time":25.446456937,"data":"[pdglasso] lambda2 9/10\n"}
,{"stream_name":"stdout","time":25.500528091,"data":"[pdglasso] lambda2 8/10\n"}
,{"stream_name":"stdout","time":25.500579596,"data":"[pdglasso] lambda2 9/10\n"}
,{"stream_name":"stdout","time":25.579621046,"data":"[pdglasso] lambda2 10/10\n"}
,{"stream_name":"stdout","time":25.782567579,"data":"[pdglasso] lambda2 10/10\n"}
,{"stream_name":"stdout","time":26.007595069,"data":"[04:54:27] [AirQuality] DONE  pdglasso_covariance | elapsed=2s\n"}
,{"stream_name":"stdout","time":26.008914818,"data":"[04:54:27] [AirQuality] CHECKPOINT 1/3 (33.3%) | /kaggle/working/air-quality-results/air-quality.json\n"}
,{"stream_name":"stdout","time":26.008948893,"data":"[04:54:27] [AirQuality] START pdglasso_correlation (2/3) | lambda-grid=10\n"}
,{"stream_name":"stdout","time":26.009255587,"data":"[pdglasso] lambda1 1/10\n"}
,{"stream_name":"stdout","time":26.035420324,"data":"[pdglasso] lambda1 2/10\n"}
,{"stream_name":"stdout","time":26.073020788,"data":"[pdglasso] lambda1 3/10\n"}
,{"stream_name":"stdout","time":26.110747918,"data":"[pdglasso] lambda1 4/10\n"}
,{"stream_name":"stdout","time":26.15591575,"data":"[pdglasso] lambda1 5/10\n"}
,{"stream_name":"stdout","time":26.200761731,"data":"[pdglasso] lambda1 6/10\n"}
,{"stream_name":"stdout","time":26.210644114,"data":"[04:54:27] [AirQuality] DONE  pdglasso_covariance | elapsed=2s\n"}
,{"stream_name":"stdout","time":26.21068416,"data":"[04:54:27] [AirQuality] CHECKPOINT 1/3 (33.3%) | /kaggle/working/air-quality-results/air-quality.json\n"}
,{"stream_name":"stdout","time":26.210707049,"data":"[04:54:27] [AirQuality] START pdglasso_correlation (2/3) | lambda-grid=10\n"}
,{"stream_name":"stdout","time":26.210712402,"data":"[pdglasso] lambda1 1/10\n"}
,{"stream_name":"stdout","time":26.210717004,"data":"[pdglasso] lambda1 2/10\n"}
,{"stream_name":"stdout","time":26.210721768,"data":"[pdglasso] lambda1 3/10\n"}
,{"stream_name":"stdout","time":26.210726485,"data":"[pdglasso] lambda1 4/10\n"}
,{"stream_name":"stdout","time":26.210730846,"data":"[pdglasso] lambda1 5/10\n"}
,{"stream_name":"stdout","time":26.21073544,"data":"[pdglasso] lambda1 6/10\n"}
,{"stream_name":"stdout","time":26.259497956,"data":"[pdglasso] lambda1 7/10\n"}
,{"stream_name":"stdout","time":26.320748318,"data":"[pdglasso] lambda1 8/10\n"}
,{"stream_name":"stdout","time":26.396842484,"data":"[pdglasso] lambda1 9/10\n"}
,{"stream_name":"stdout","time":26.462595312,"data":"[pdglasso] lambda1 7/10\n"}
,{"stream_name":"stdout","time":26.462649292,"data":"[pdglasso] lambda1 8/10\n"}
,{"stream_name":"stdout","time":26.462655335,"data":"[pdglasso] lambda1 9/10\n"}
,{"stream_name":"stdout","time":26.497824703,"data":"[pdglasso] lambda1 10/10\n"}
,{"stream_name":"stdout","time":26.623091564,"data":"[pdglasso] lambda2 1/10\n"}
,{"stream_name":"stdout","time":26.700841684,"data":"[pdglasso] lambda1 10/10\n"}
,{"stream_name":"stdout","time":26.700877798,"data":"[pdglasso] lambda2 1/10\n"}
,{"stream_name":"stdout","time":26.720922301999998,"data":"[pdglasso] lambda2 2/10\n"}
,{"stream_name":"stdout","time":26.882672113,"data":"[pdglasso] lambda2 3/10\n"}
,{"stream_name":"stdout","time":26.923947901,"data":"[pdglasso] lambda2 2/10\n"}
,{"stream_name":"stdout","time":26.92399017,"data":"[pdglasso] lambda2 3/10\n"}
,{"stream_name":"stdout","time":27.069845813,"data":"[pdglasso] lambda2 4/10\n"}
,{"stream_name":"stdout","time":27.260553543,"data":"[pdglasso] lambda2 5/10\n"}
,{"stream_name":"stdout","time":27.272948322,"data":"[pdglasso] lambda2 4/10\n"}
,{"stream_name":"stdout","time":27.272981829,"data":"[pdglasso] lambda2 5/10\n"}
,{"stream_name":"stdout","time":27.484803066,"data":"[pdglasso] lambda2 6/10\n"}
,{"stream_name":"stdout","time":27.687931601,"data":"[pdglasso] lambda2 6/10\n"}
,{"stream_name":"stdout","time":27.706362105,"data":"[pdglasso] lambda2 7/10\n"}
,{"stream_name":"stdout","time":27.909607637,"data":"[pdglasso] lambda2 7/10\n"}
,{"stream_name":"stdout","time":28.065999077,"data":"[pdglasso] lambda2 8/10\n"}
,{"stream_name":"stdout","time":28.269027706,"data":"[pdglasso] lambda2 8/10\n"}
,{"stream_name":"stdout","time":28.384073313000002,"data":"[pdglasso] lambda2 9/10\n"}
,{"stream_name":"stdout","time":28.587123469,"data":"[pdglasso] lambda2 9/10\n"}
,{"stream_name":"stdout","time":28.629354411,"data":"[pdglasso] lambda2 10/10\n"}
,{"stream_name":"stdout","time":28.832412699,"data":"[pdglasso] lambda2 10/10\n"}
,{"stream_name":"stdout","time":29.052415659,"data":"[04:54:30] [AirQuality] DONE  pdglasso_correlation | elapsed=3s\n"}
,{"stream_name":"stdout","time":29.054407284,"data":"[04:54:30] [AirQuality] CHECKPOINT 2/3 (66.7%) | /kaggle/working/air-quality-results/air-quality.json\n"}
,{"stream_name":"stdout","time":29.05442913,"data":"[04:54:30] [AirQuality] START backward (3/3) | itmax=1000\n"}
,{"stream_name":"stdout","time":29.261447361,"data":"[04:54:30] [AirQuality] DONE  pdglasso_correlation | elapsed=3s\n"}
,{"stream_name":"stdout","time":29.261516117,"data":"[04:54:30] [AirQuality] CHECKPOINT 2/3 (66.7%) | /kaggle/working/air-quality-results/air-quality.json\n"}
,{"stream_name":"stdout","time":29.261540718,"data":"[04:54:30] [AirQuality] START backward (3/3) | itmax=1000\n"}
,{"stream_name":"stdout","time":168.158858716,"data":"iteration=1 candidates=25 best_p=0.996286\n"}
,{"stream_name":"stdout","time":168.368389405,"data":"iteration=1 candidates=25 best_p=0.996286\n"}
,{"stream_name":"stdout","time":200.851117541,"data":"iteration=2 candidates=25 best_p=0.997282\n"}
,{"stream_name":"stdout","time":201.060226847,"data":"iteration=2 candidates=25 best_p=0.997282\n"}
,{"stream_name":"stdout","time":231.642493877,"data":"iteration=3 candidates=24 best_p=0.997295\n"}
,{"stream_name":"stdout","time":231.851777459,"data":"iteration=3 candidates=24 best_p=0.997295\n"}
,{"stream_name":"stdout","time":261.097545398,"data":"iteration=4 candidates=23 best_p=0.998174\n"}
,{"stream_name":"stdout","time":261.300930384,"data":"iteration=4 candidates=23 best_p=0.998174\n"}
,{"stream_name":"stdout","time":288.493249544,"data":"iteration=5 candidates=22 best_p=0.995355\n"}
,{"stream_name":"stdout","time":288.703512264,"data":"iteration=5 candidates=22 best_p=0.995355\n"}
,{"stream_name":"stdout","time":315.751591855,"data":"iteration=6 candidates=21 best_p=0.995971\n"}
,{"stream_name":"stdout","time":315.954843493,"data":"iteration=6 candidates=21 best_p=0.995971\n"}
,{"stream_name":"stdout","time":340.738103292,"data":"iteration=7 candidates=20 best_p=0.99123\n"}
,{"stream_name":"stdout","time":340.947804146,"data":"iteration=7 candidates=20 best_p=0.99123\n"}
,{"stream_name":"stdout","time":365.232269954,"data":"iteration=8 candidates=19 best_p=0.988412\n"}
,{"stream_name":"stdout","time":365.435388795,"data":"iteration=8 candidates=19 best_p=0.988412\n"}
,{"stream_name":"stdout","time":387.37149575,"data":"iteration=9 candidates=18 best_p=0.982972\n"}
,{"stream_name":"stdout","time":387.581377863,"data":"iteration=9 candidates=18 best_p=0.982972\n"}
,{"stream_name":"stdout","time":406.744518032,"data":"iteration=10 candidates=16 best_p=0.981803\n"}
,{"stream_name":"stdout","time":406.948241305,"data":"iteration=10 candidates=16 best_p=0.981803\n"}
,{"stream_name":"stdout","time":424.824596338,"data":"iteration=11 candidates=15 best_p=0.986348\n"}
,{"stream_name":"stdout","time":425.038489998,"data":"iteration=11 candidates=15 best_p=0.986348\n"}
,{"stream_name":"stdout","time":441.394300212,"data":"iteration=12 candidates=14 best_p=0.982385\n"}
,{"stream_name":"stdout","time":441.59715198,"data":"iteration=12 candidates=14 best_p=0.982385\n"}
,{"stream_name":"stdout","time":457.044452223,"data":"iteration=13 candidates=13 best_p=0.973171\n"}
,{"stream_name":"stdout","time":457.25469807,"data":"iteration=13 candidates=13 best_p=0.973171\n"}
,{"stream_name":"stdout","time":470.765824693,"data":"iteration=14 candidates=12 best_p=0.936954\n"}
,{"stream_name":"stdout","time":470.968893645,"data":"iteration=14 candidates=12 best_p=0.936954\n"}
,{"stream_name":"stdout","time":483.994583651,"data":"iteration=15 candidates=11 best_p=0.868385\n"}
,{"stream_name":"stdout","time":484.197723488,"data":"iteration=15 candidates=11 best_p=0.868385\n"}
,{"stream_name":"stdout","time":495.872943031,"data":"iteration=16 candidates=10 best_p=0.752716\n"}
,{"stream_name":"stdout","time":496.083649385,"data":"iteration=16 candidates=10 best_p=0.752716\n"}
,{"stream_name":"stdout","time":506.484615272,"data":"iteration=17 candidates=9 best_p=0.611142\n"}
,{"stream_name":"stdout","time":506.687852685,"data":"iteration=17 candidates=9 best_p=0.611142\n"}
,{"stream_name":"stdout","time":516.08554152,"data":"iteration=18 candidates=8 best_p=0.412353\n"}
,{"stream_name":"stdout","time":516.288600318,"data":"iteration=18 candidates=8 best_p=0.412353\n"}
,{"stream_name":"stdout","time":523.281809082,"data":"iteration=19 candidates=6 best_p=0.246162\n"}
,{"stream_name":"stdout","time":523.484663854,"data":"iteration=19 candidates=6 best_p=0.246162\n"}
,{"stream_name":"stdout","time":527.114817174,"data":"iteration=20 candidates=3 best_p=0.107144\n"}
,{"stream_name":"stdout","time":527.321725311,"data":"iteration=20 candidates=3 best_p=0.107144\n"}
,{"stream_name":"stdout","time":530.621941426,"data":"iteration=21 candidates=2 best_p=0.0821633\n"}
,{"stream_name":"stdout","time":530.622194653,"data":"iteration=21 candidates=0 best_p=-inf\n"}
,{"stream_name":"stdout","time":530.824795455,"data":"iteration=21 candidates=2 best_p=0.0821633\n"}
,{"stream_name":"stdout","time":530.82484616,"data":"iteration=21 candidates=0 best_p=-inf\n"}
,{"stream_name":"stdout","time":530.843629726,"data":"[05:02:52] [AirQuality] DONE  backward | elapsed=8m 22s\n"}
,{"stream_name":"stdout","time":530.851728435,"data":"[05:02:52] [AirQuality] CHECKPOINT 3/3 (100.0%) | /kaggle/working/air-quality-results/air-quality.json\n"}
,{"stream_name":"stdout","time":531.046552837,"data":"[05:02:52] [AirQuality] DONE  backward | elapsed=8m 22s\n"}
,{"stream_name":"stdout","time":531.046602834,"data":"[05:02:52] [AirQuality] CHECKPOINT 3/3 (100.0%) | /kaggle/working/air-quality-results/air-quality.json\n"}
,{"stream_name":"stdout","time":531.103062151,"data":"[05:02:52] [AirQuality] PYTHON REFIT FIGURE | /kaggle/working/air-quality-results/air-quality/figure-9-python-refit.png\n"}
,{"stream_name":"stdout","time":531.305472961,"data":"[05:02:52] [AirQuality] PYTHON REFIT FIGURE | /kaggle/working/air-quality-results/air-quality/figure-9-python-refit.png\n"}
,{"stream_name":"stderr","time":531.590194321,"data":"/usr/local/lib/python3.12/dist-packages/rdata/conversion/_conversion.py:918: UserWarning: Missing constructor for R class \"difftime\". The underlying R object is returned instead.\n"}
,{"stream_name":"stderr","time":531.590253492,"data":"  warnings.warn(\n"}
,{"stream_name":"stderr","time":531.594379078,"data":"/usr/local/lib/python3.12/dist-packages/rdata/conversion/_conversion.py:918: UserWarning: Missing constructor for R class \"difftime\". The underlying R object is returned instead.\n"}
,{"stream_name":"stderr","time":531.594425359,"data":"  warnings.warn(\n"}
,{"stream_name":"stderr","time":531.600195191,"data":"/usr/local/lib/python3.12/dist-packages/rdata/conversion/_conversion.py:918: UserWarning: Missing constructor for R class \"difftime\". The underlying R object is returned instead.\n"}
,{"stream_name":"stderr","time":531.600244838,"data":"  warnings.warn(\n"}
,{"stream_name":"stderr","time":531.603973973,"data":"/usr/local/lib/python3.12/dist-packages/rdata/conversion/_conversion.py:918: UserWarning: Missing constructor for R class \"difftime\". The underlying R object is returned instead.\n"}
,{"stream_name":"stderr","time":531.604030962,"data":"  warnings.warn(\n"}
,{"stream_name":"stderr","time":531.793121041,"data":"/usr/local/lib/python3.12/dist-packages/rdata/conversion/_conversion.py:918: UserWarning: Missing constructor for R class \"difftime\". The underlying R object is returned instead.\n"}
,{"stream_name":"stderr","time":531.793157691,"data":"  warnings.warn(\n"}
,{"stream_name":"stderr","time":531.793162737,"data":"/usr/local/lib/python3.12/dist-packages/rdata/conversion/_conversion.py:918: UserWarning: Missing constructor for R class \"difftime\". The underlying R object is returned instead.\n"}
,{"stream_name":"stderr","time":531.793167178,"data":"  warnings.warn(\n"}
,{"stream_name":"stderr","time":531.793172292,"data":"/usr/local/lib/python3.12/dist-packages/rdata/conversion/_conversion.py:918: UserWarning: Missing constructor for R class \"difftime\". The underlying R object is returned instead.\n"}
,{"stream_name":"stderr","time":531.793198597,"data":"  warnings.warn(\n"}
,{"stream_name":"stderr","time":531.793204629,"data":"/usr/local/lib/python3.12/dist-packages/rdata/conversion/_conversion.py:918: UserWarning: Missing constructor for R class \"difftime\". The underlying R object is returned instead.\n"}
,{"stream_name":"stderr","time":531.793209861,"data":"  warnings.warn(\n"}
,{"stream_name":"stderr","time":531.793223192,"data":"\n"}
,{"stream_name":"stderr","time":531.793227799,"data":"/usr/local/lib/python3.12/dist-packages/rdata/conversion/_conversion.py:918: UserWarning: Missing constructor for R class \"difftime\". The underlying R object is returned instead.\n"}
,{"stream_name":"stderr","time":531.793238614,"data":"  warnings.warn(\n"}
,{"stream_name":"stderr","time":531.793241659,"data":"/usr/local/lib/python3.12/dist-packages/rdata/conversion/_conversion.py:918: UserWarning: Missing constructor for R class \"difftime\". The underlying R object is returned instead.\n"}
,{"stream_name":"stderr","time":531.793245015,"data":"  warnings.warn(\n"}
,{"stream_name":"stderr","time":531.793247868,"data":"/usr/local/lib/python3.12/dist-packages/rdata/conversion/_conversion.py:918: UserWarning: Missing constructor for R class \"difftime\". The underlying R object is returned instead.\n"}
,{"stream_name":"stderr","time":531.793251395,"data":"  warnings.warn(\n"}
,{"stream_name":"stderr","time":531.793254249,"data":"/usr/local/lib/python3.12/dist-packages/rdata/conversion/_conversion.py:918: UserWarning: Missing constructor for R class \"difftime\". The underlying R object is returned instead.\n"}
,{"stream_name":"stderr","time":531.79325766,"data":"  warnings.warn(\n"}
,{"stream_name":"stdout","time":531.826180049,"data":"[05:02:53] [AirQuality] PAPER FIGURE 9 | /kaggle/working/air-quality-results/air-quality/figure-9-matrix-models.png\n"}
,{"stream_name":"stdout","time":531.834651309,"data":"[05:02:53] [AirQuality] COMPLETE 3/3 stages\n"}
,{"stream_name":"stdout","time":531.834679817,"data":"Wrote /kaggle/working/air-quality-results/air-quality.json\n"}
,{"stream_name":"stdout","time":532.029056654,"data":"[05:02:53] [AirQuality] PAPER FIGURE 9 | /kaggle/working/air-quality-results/air-quality/figure-9-matrix-models.png\n"}
,{"stream_name":"stdout","time":532.029108185,"data":"[05:02:53] [AirQuality] COMPLETE 3/3 stages\n"}
,{"stream_name":"stdout","time":532.029115404,"data":"Wrote /kaggle/working/air-quality-results/air-quality.json\n"}
,{"stream_name":"stdout","time":532.745373517,"data":"Download: /kaggle/working/air-quality-results.zip\n"}
,{"stream_name":"stderr","time":536.123219775,"data":"/usr/local/lib/python3.12/dist-packages/mistune.py:435: SyntaxWarning: invalid escape sequence '\\|'\n"}
,{"stream_name":"stderr","time":536.123272728,"data":"  cells[i][c] = re.sub('\\\\\\\\\\|', '|', cell)\n"}
,{"stream_name":"stderr","time":536.335024,"data":"/usr/local/lib/python3.12/dist-packages/nbconvert/filters/filter_links.py:36: SyntaxWarning: invalid escape sequence '\\_'\n"}
,{"stream_name":"stderr","time":536.335061964,"data":"  text = re.sub(r'_', '\\_', text) # Escape underscores in display text\n"}
,{"stream_name":"stderr","time":537.096747639,"data":"[NbConvertApp] Converting notebook __notebook__.ipynb to notebook\n"}
,{"stream_name":"stderr","time":537.531900203,"data":"[NbConvertApp] Writing 1197437 bytes to __notebook__.ipynb\n"}
,{"stream_name":"stderr","time":540.643269351,"data":"[NbConvertApp] Converting notebook __notebook__.ipynb to html\n"}
,{"stream_name":"stderr","time":541.799156803,"data":"[NbConvertApp] Support files will be in __results___files/\n"}
,{"stream_name":"stderr","time":541.799228496,"data":"[NbConvertApp] Making directory __results___files\n"}
,{"stream_name":"stderr","time":541.799563061,"data":"[NbConvertApp] Making directory __results___files\n"}
,{"stream_name":"stderr","time":541.79970469,"data":"[NbConvertApp] Making directory __results___files\n"}
,{"stream_name":"stderr","time":541.799876604,"data":"[NbConvertApp] Making directory __results___files\n"}
,{"stream_name":"stderr","time":541.800145894,"data":"[NbConvertApp] Making directory __results___files\n"}
,{"stream_name":"stderr","time":541.800550816,"data":"[NbConvertApp] Making directory __results___files\n"}
,{"stream_name":"stderr","time":541.801019048,"data":"[NbConvertApp] Writing 304796 bytes to __results__.html\n"}
]